// Jest Snapshot v1, https://goo.gl/fbAQLP

exports[`Index Page renders the page content correctly 1`] = `
<DocumentFragment>
  <div
    class="flex justify-center items-center h-screen"
  >
    <h2>
      Failed to fetch data. Please try again later.
    </h2>
  </div>
</DocumentFragment>
`;
